// Jest Snapshot v1, https://goo.gl/fbAQLP

exports[`Footer Snapshot test: Footer Snapshot 1`] = `
<div
  id="very-strange-test-id"
>
  <footer
    class="footer"
  >
    <div
      class="footer__nav footer__section"
    >
      <h2
        class="footer__section-head"
      >
        Nav
      </h2>
      <ul
        class="footer__section-list"
      >
        <li>
          <a
            href="/"
          >
            Home
          </a>
        </li>
        <li>
          <a
            href="/companies"
          >
            Company
          </a>
        </li>
        <li>
          <a
            href="/jobs"
          >
            Jobs
          </a>
        </li>
        <li>
          <a
            href="/information"
          >
            Information
          </a>
        </li>
      </ul>
    </div>
    <div
      class="footer__contact footer__section"
    >
      <h2
        class="footer__section-head"
      >
        Contact Me
      </h2>
      <ul
        class="footer__section-list"
      >
        <li>
           Email me at
           
          <a
            href="mailto:ahmed.dadarkar@gmail.com"
          >
            ahmed.dadarkar@gmail.com
          </a>
        </li>
        <li>
          Phone Number: +91 7594069315
        </li>
        <li>
          WhatsApp Phone Number: +91 9920460903
        </li>
      </ul>
    </div>
    <div
      class="footer__me footer__section"
    >
      <h2
        class="footer__section-head"
      >
        Ahmed Zaheer Dadarkar
      </h2>
      <p
        class="footer__section-para"
      >
        I am 
        <b>
          Ahmed Zaheer Dadarkar
        </b>
        , also known as 
        <b>
          tymefighter
        </b>
        . I've built this website to practice my HTML, CSS, JS, React, Redux and Typescript skills. This website allows one to manage companies and jobs through an accessible user interface. Hope you enjoy the user experience while engaging with this application !
      </p>
    </div>
  </footer>
</div>
`;
